    Finished `test` profile [unoptimized + debuginfo] target(s) in 0.05s
     Running unittests src/lib.rs (build/cargo-target/debug/deps/galfus_frontend-a315aa88685db970)

running 1 test

thread 'type_validation::tests::iteration::check_binds_for_index_as_int32' (253481) panicked at crates/galfus-frontend/src/type_validation/tests/iteration.rs:947:99:
called `Option::unwrap()` on a `None` value
note: run with `RUST_BACKTRACE=1` environment variable to display a backtrace
test type_validation::tests::iteration::check_binds_for_index_as_int32 ... FAILED

failures:

failures:
    type_validation::tests::iteration::check_binds_for_index_as_int32

test result: FAILED. 0 passed; 1 failed; 0 ignored; 0 measured; 840 filtered out; finished in 0.00s

error: test failed, to rerun pass `-p galfus-frontend --lib`
